../Core/Src/main.c:78:6:calculateDepthValue	4	static
../Core/Src/main.c:107:6:calculateSpeedValue	4	static
../Core/Src/main.c:117:6:HAL_TIM_PeriodElapsedCallback	16	static
../Core/Src/main.c:126:6:processPacket	8	static
../Core/Src/main.c:211:5:main	8	static
../Core/Src/main.c:270:6:SystemClock_Config	88	static
../Core/Src/main.c:324:13:MX_TIM1_Init	96	static
../Core/Src/main.c:399:13:MX_TIM6_Init	16	static
../Core/Src/main.c:437:13:MX_TIM8_Init	112	static
../Core/Src/main.c:519:13:MX_USART2_UART_Init	8	static
../Core/Src/main.c:550:13:MX_DMA_Init	16	static
../Core/Src/main.c:571:13:MX_GPIO_Init	48	static
../Core/Src/main.c:607:6:Error_Handler	4	static,ignoring_inline_asm
